Archive member included to satisfy reference by file (symbol)

d:/gnu_tools/gnu arm embedded toolchain/10 2021.10/bin/../lib/gcc/arm-none-eabi/10.3.1/../../../../arm-none-eabi/lib/thumb/v7-m/nofp\libc_nano.a(lib_a-exit.o)
                              d:/gnu_tools/gnu arm embedded toolchain/10 2021.10/bin/../lib/gcc/arm-none-eabi/10.3.1/../../../../arm-none-eabi/lib/thumb/v7-m/nofp/crt0.o (exit)
d:/gnu_tools/gnu arm embedded toolchain/10 2021.10/bin/../lib/gcc/arm-none-eabi/10.3.1/../../../../arm-none-eabi/lib/thumb/v7-m/nofp\libc_nano.a(lib_a-impure.o)
                              d:/gnu_tools/gnu arm embedded toolchain/10 2021.10/bin/../lib/gcc/arm-none-eabi/10.3.1/../../../../arm-none-eabi/lib/thumb/v7-m/nofp\libc_nano.a(lib_a-exit.o) (_global_impure_ptr)
d:/gnu_tools/gnu arm embedded toolchain/10 2021.10/bin/../lib/gcc/arm-none-eabi/10.3.1/../../../../arm-none-eabi/lib/thumb/v7-m/nofp\libc_nano.a(lib_a-init.o)
                              d:/gnu_tools/gnu arm embedded toolchain/10 2021.10/bin/../lib/gcc/arm-none-eabi/10.3.1/../../../../arm-none-eabi/lib/thumb/v7-m/nofp/crt0.o (__libc_init_array)
d:/gnu_tools/gnu arm embedded toolchain/10 2021.10/bin/../lib/gcc/arm-none-eabi/10.3.1/../../../../arm-none-eabi/lib/thumb/v7-m/nofp\libc_nano.a(lib_a-memset.o)
                              d:/gnu_tools/gnu arm embedded toolchain/10 2021.10/bin/../lib/gcc/arm-none-eabi/10.3.1/../../../../arm-none-eabi/lib/thumb/v7-m/nofp/crt0.o (memset)
d:/gnu_tools/gnu arm embedded toolchain/10 2021.10/bin/../lib/gcc/arm-none-eabi/10.3.1/../../../../arm-none-eabi/lib/thumb/v7-m/nofp\libc_nano.a(lib_a-vsprintf.o)
                              build/DLTuc.o (vsprintf)
d:/gnu_tools/gnu arm embedded toolchain/10 2021.10/bin/../lib/gcc/arm-none-eabi/10.3.1/../../../../arm-none-eabi/lib/thumb/v7-m/nofp\libc_nano.a(lib_a-nano-svfprintf.o)
                              d:/gnu_tools/gnu arm embedded toolchain/10 2021.10/bin/../lib/gcc/arm-none-eabi/10.3.1/../../../../arm-none-eabi/lib/thumb/v7-m/nofp\libc_nano.a(lib_a-vsprintf.o) (_svfprintf_r)
d:/gnu_tools/gnu arm embedded toolchain/10 2021.10/bin/../lib/gcc/arm-none-eabi/10.3.1/../../../../arm-none-eabi/lib/thumb/v7-m/nofp\libc_nano.a(lib_a-nano-vfprintf_i.o)
                              d:/gnu_tools/gnu arm embedded toolchain/10 2021.10/bin/../lib/gcc/arm-none-eabi/10.3.1/../../../../arm-none-eabi/lib/thumb/v7-m/nofp\libc_nano.a(lib_a-nano-svfprintf.o) (_printf_i)
d:/gnu_tools/gnu arm embedded toolchain/10 2021.10/bin/../lib/gcc/arm-none-eabi/10.3.1/../../../../arm-none-eabi/lib/thumb/v7-m/nofp\libc_nano.a(lib_a-memchr-stub.o)
                              d:/gnu_tools/gnu arm embedded toolchain/10 2021.10/bin/../lib/gcc/arm-none-eabi/10.3.1/../../../../arm-none-eabi/lib/thumb/v7-m/nofp\libc_nano.a(lib_a-nano-svfprintf.o) (memchr)
d:/gnu_tools/gnu arm embedded toolchain/10 2021.10/bin/../lib/gcc/arm-none-eabi/10.3.1/../../../../arm-none-eabi/lib/thumb/v7-m/nofp\libc_nano.a(lib_a-memcpy-stub.o)
                              d:/gnu_tools/gnu arm embedded toolchain/10 2021.10/bin/../lib/gcc/arm-none-eabi/10.3.1/../../../../arm-none-eabi/lib/thumb/v7-m/nofp\libc_nano.a(lib_a-nano-svfprintf.o) (memcpy)
d:/gnu_tools/gnu arm embedded toolchain/10 2021.10/bin/../lib/gcc/arm-none-eabi/10.3.1/../../../../arm-none-eabi/lib/thumb/v7-m/nofp\libc_nano.a(lib_a-memmove.o)
                              d:/gnu_tools/gnu arm embedded toolchain/10 2021.10/bin/../lib/gcc/arm-none-eabi/10.3.1/../../../../arm-none-eabi/lib/thumb/v7-m/nofp\libc_nano.a(lib_a-nano-svfprintf.o) (memmove)
d:/gnu_tools/gnu arm embedded toolchain/10 2021.10/bin/../lib/gcc/arm-none-eabi/10.3.1/../../../../arm-none-eabi/lib/thumb/v7-m/nofp\libc_nano.a(lib_a-nano-freer.o)
                              d:/gnu_tools/gnu arm embedded toolchain/10 2021.10/bin/../lib/gcc/arm-none-eabi/10.3.1/../../../../arm-none-eabi/lib/thumb/v7-m/nofp\libc_nano.a(lib_a-nano-svfprintf.o) (_free_r)
d:/gnu_tools/gnu arm embedded toolchain/10 2021.10/bin/../lib/gcc/arm-none-eabi/10.3.1/../../../../arm-none-eabi/lib/thumb/v7-m/nofp\libc_nano.a(lib_a-nano-mallocr.o)
                              d:/gnu_tools/gnu arm embedded toolchain/10 2021.10/bin/../lib/gcc/arm-none-eabi/10.3.1/../../../../arm-none-eabi/lib/thumb/v7-m/nofp\libc_nano.a(lib_a-nano-svfprintf.o) (_malloc_r)
d:/gnu_tools/gnu arm embedded toolchain/10 2021.10/bin/../lib/gcc/arm-none-eabi/10.3.1/../../../../arm-none-eabi/lib/thumb/v7-m/nofp\libc_nano.a(lib_a-nano-reallocr.o)
                              d:/gnu_tools/gnu arm embedded toolchain/10 2021.10/bin/../lib/gcc/arm-none-eabi/10.3.1/../../../../arm-none-eabi/lib/thumb/v7-m/nofp\libc_nano.a(lib_a-nano-svfprintf.o) (_realloc_r)
d:/gnu_tools/gnu arm embedded toolchain/10 2021.10/bin/../lib/gcc/arm-none-eabi/10.3.1/../../../../arm-none-eabi/lib/thumb/v7-m/nofp\libc_nano.a(lib_a-sbrkr.o)
[...]
Memory Configuration

Name             Origin             Length             Attributes
RAM              0x20000000         0x00005000         xrw
FLASH            0x08000000         0x00020000         xr
*default*        0x00000000         0xffffffff

Linker script and memory map

LOAD d:/gnu_tools/gnu arm embedded toolchain/10 2021.10/bin/../lib/gcc/arm-none-eabi/10.3.1/thumb/v7-m/nofp/crti.o
LOAD d:/gnu_tools/gnu arm embedded toolchain/10 2021.10/bin/../lib/gcc/arm-none-eabi/10.3.1/thumb/v7-m/nofp/crtbegin.o
LOAD d:/gnu_tools/gnu arm embedded toolchain/10 2021.10/bin/../lib/gcc/arm-none-eabi/10.3.1/../../../../arm-none-eabi/lib/thumb/v7-m/nofp/crt0.o
LOAD build/main.o
LOAD build/Contex1.o
LOAD build/Contex2.o
LOAD build/Contex3.o
LOAD build/GPIO_fun.o
LOAD build/USART_UART_DMA.o
LOAD build/RCC_Config.o
LOAD build/RTC.o
LOAD build/DLTuc.o
LOAD build/nnKernel.o
LOAD build/port.o
LOAD build/semaphores.o
LOAD build/queues.o
LOAD build/startup_stm32f103xb.o
LOAD build/portAsm.o
LOAD d:/gnu_tools/gnu arm embedded toolchain/10 2021.10/bin/../lib/gcc/arm-none-eabi/10.3.1/../../../../arm-none-eabi/lib/thumb/v7-m/nofp\libc_nano.a
LOAD d:/gnu_tools/gnu arm embedded toolchain/10 2021.10/bin/../lib/gcc/arm-none-eabi/10.3.1/../../../../arm-none-eabi/lib/thumb/v7-m/nofp\libm.a
LOAD d:/gnu_tools/gnu arm embedded toolchain/10 2021.10/bin/../lib/gcc/arm-none-eabi/10.3.1/../../../../arm-none-eabi/lib/thumb/v7-m/nofp\libnosys.a
START GROUP
LOAD d:/gnu_tools/gnu arm embedded toolchain/10 2021.10/bin/../lib/gcc/arm-none-eabi/10.3.1/thumb/v7-m/nofp\libgcc.a
LOAD d:/gnu_tools/gnu arm embedded toolchain/10 2021.10/bin/../lib/gcc/arm-none-eabi/10.3.1/../../../../arm-none-eabi/lib/thumb/v7-m/nofp\libc_nano.a
END GROUP
START GROUP
LOAD d:/gnu_tools/gnu arm embedded toolchain/10 2021.10/bin/../lib/gcc/arm-none-eabi/10.3.1/thumb/v7-m/nofp\libgcc.a
LOAD d:/gnu_tools/gnu arm embedded toolchain/10 2021.10/bin/../lib/gcc/arm-none-eabi/10.3.1/../../../../arm-none-eabi/lib/thumb/v7-m/nofp\libc_nano.a
END GROUP
LOAD d:/gnu_tools/gnu arm embedded toolchain/10 2021.10/bin/../lib/gcc/arm-none-eabi/10.3.1/thumb/v7-m/nofp/crtend.o
LOAD d:/gnu_tools/gnu arm embedded toolchain/10 2021.10/bin/../lib/gcc/arm-none-eabi/10.3.1/thumb/v7-m/nofp/crtn.o
                0x20005000                _estack = 0x20005000
                0x00000200                _Min_Heap_Size = 0x200
                0x00000400                _Min_Stack_Size = 0x400

.isr_vector     0x08000000      0x10c
                0x08000000                . = ALIGN (0x4)
 *(.isr_vector)
 .isr_vector    0x08000000      0x10c build/startup_stm32f103xb.o
                0x08000000                g_pfnVectors
                0x0800010c                . = ALIGN (0x4)

.text           0x0800010c     0x15e8
                0x0800010c                . = ALIGN (0x4)
 *(.text)
 .text          0x0800010c       0x40 d:/gnu_tools/gnu arm embedded toolchain/10 2021.10/bin/../lib/gcc/arm-none-eabi/10.3.1/thumb/v7-m/nofp/crtbegin.o
 .text          0x0800014c       0x64 build/portAsm.o
                0x08000158                PendSV_Handler
                0x0800017e                SysTick_Handler
                0x0800018e                nnOsSchedulerLaunch
 *(.text*)
 .text.UART2_TransmitDMAEndCallBack
                0x080001b0        0x8 build/main.o
                0x080001b0                UART2_TransmitDMAEndCallBack
 .text.UART2_LowLevelDataTransmit
                0x080001b8       0x14 build/main.o
                0x080001b8                UART2_LowLevelDataTransmit
 .text.main     0x080001cc       0x98 build/main.o
                0x080001cc                main
 .text.TaskContex1
                0x08000264       0x70 build/Contex1.o
                0x08000264                TaskContex1
 .text.TaskContex2
                0x080002d4       0x98 build/Contex2.o
                0x080002d4                TaskContex2
 .text.TaskContex3
                0x0800036c       0x70 build/Contex3.o
                0x0800036c                TaskContex3
 .text.GPIO_PinSet
                0x080003dc        0x4 build/GPIO_fun.o
                0x080003dc                GPIO_PinSet
 .text.GPIO_Pin_Cfg
                0x080003e0       0xa0 build/GPIO_fun.o
                0x080003e0                GPIO_Pin_Cfg
 .text.USART_Tr_DMA_CNGG
                0x08000480       0x80 build/USART_UART_DMA.o
 .text.End_Rec  0x08000500       0x20 build/USART_UART_DMA.o
 .text.USART_CallBack
                0x08000520       0x30 build/USART_UART_DMA.o
 .text.USART_Init
                0x08000550       0x26 build/USART_UART_DMA.o
                0x08000550                USART_Init
 *fill*         0x08000576        0x2 
 .text.USARTx_DMA_Config
                0x08000578       0x94 build/USART_UART_DMA.o
                0x08000578                USARTx_DMA_Config
 .text.UART2_Init115200
                0x0800060c       0x54 build/USART_UART_DMA.o
                0x0800060c                UART2_Init115200
 .text.TUART_DMA_Trasmit
                0x08000660       0x14 build/USART_UART_DMA.o
                0x08000660                TUART_DMA_Trasmit
 .text.DMA1_Channel7_IRQHandler
                0x08000674       0x34 build/USART_UART_DMA.o
                0x08000674                DMA1_Channel7_IRQHandler
 .text.DMA1_Channel6_IRQHandler
                0x080006a8       0x28 build/USART_UART_DMA.o
                0x080006a8                DMA1_Channel6_IRQHandler
 .text.USART2_IRQHandler
                0x080006d0       0x10 build/USART_UART_DMA.o
                0x080006d0                USART2_IRQHandler
 .text.PLL_Config64MHZ
                0x080006e0       0x88 build/RCC_Config.o
                0x080006e0                PLL_Config64MHZ
 .text.RTC_Alarm_IRQHandler
                0x08000768       0x1c build/RTC.o
                0x08000768                RTC_Alarm_IRQHandler
 .text.RTC_IRQHandler
                0x08000784       0x74 build/RTC.o
                0x08000784                RTC_IRQHandler
 .text.DLT_RB_Read
                0x080007f8       0x44 build/DLTuc.o
 .text.DLT_RB_Write
                0x0800083c       0x5c build/DLTuc.o
 .text.PrepareHoleHeader
                0x08000898       0xd0 build/DLTuc.o
 .text.DLTuc_RegisterTransmitSerialDataCallback
                0x08000968       0x5c build/DLTuc.o
                0x08000968                DLTuc_RegisterTransmitSerialDataCallback
 .text.DLTuc_MessageTransmitDone
                0x080009c4       0x98 build/DLTuc.o
                0x080009c4                DLTuc_MessageTransmitDone
 .text.DLTuc_LogOutVarArgs
                0x08000a5c       0xb8 build/DLTuc.o
                0x08000a5c                DLTuc_LogOutVarArgs
 .text.DLTuc_RegisterGetTimeStampMsCallback
                0x08000b14        0xc build/DLTuc.o
                0x08000b14                DLTuc_RegisterGetTimeStampMsCallback
 .text.nnOsIdleTask
                0x08000b20        0x2 build/nnKernel.o
                0x08000b20                nnOsIdleTask
 *fill*         0x08000b22        0x2 
 .text.nnOsThreadStackInit
                0x08000b24       0x34 build/nnKernel.o
 .text.nnOsSysTickInc
                0x08000b58       0x44 build/nnKernel.o
                0x08000b58                nnOsSysTickInc
 .text.nnOsAddThread
                0x08000b9c       0x84 build/nnKernel.o
                0x08000b9c                nnOsAddThread
 .text.nnOsKernelInit
                0x08000c20       0x34 build/nnKernel.o
                0x08000c20                nnOsKernelInit
 .text.nnOsKernelLaunch
                0x08000c54       0x10 build/nnKernel.o
                0x08000c54                nnOsKernelLaunch
 .text.nnOsThreadYield
                0x08000c64        0x8 build/nnKernel.o
                0x08000c64                nnOsThreadYield
 .text.nnOs_GetSystemTime
                0x08000c6c        0xc build/nnKernel.o
                0x08000c6c                nnOs_GetSystemTime
 .text.nnOsPriorityScheduler
                0x08000c78       0x38 build/nnKernel.o
                0x08000c78                nnOsPriorityScheduler
 .text.nnOsThreadSleep
                0x08000cb0       0x18 build/nnKernel.o
                0x08000cb0                nnOsThreadSleep
 .text.nnOsPort_KernelLaunch
                0x08000cc8       0x3e build/port.o
                0x08000cc8                nnOsPort_KernelLaunch
 .text.nnPort_ThreadYield
                0x08000d06        0xe build/port.o
                0x08000d06                nnPort_ThreadYield
 .text.nnOsRegisterSysIncrementCb
                0x08000d14        0xc build/port.o
                0x08000d14                nnOsRegisterSysIncrementCb
 .text.SysTickCHandler
                0x08000d20       0x1c build/port.o
                0x08000d20                SysTickCHandler
 .text.Reset_Handler
                0x08000d3c       0x44 build/startup_stm32f103xb.o
                0x08000d3c                Reset_Handler
 .text.Default_Handler
                0x08000d80        0x2 build/startup_stm32f103xb.o
                0x08000d80                EXTI2_IRQHandler
                0x08000d80                DebugMon_Handler
                0x08000d80                TIM1_CC_IRQHandler
                0x08000d80                HardFault_Handler
                0x08000d80                PVD_IRQHandler
                0x08000d80                NMI_Handler
                0x08000d80                EXTI3_IRQHandler
                0x08000d80                EXTI0_IRQHandler
                0x08000d80                I2C2_EV_IRQHandler
                0x08000d80                UsageFault_Handler
                0x08000d80                ADC1_2_IRQHandler
                0x08000d80                SPI1_IRQHandler
                0x08000d80                TAMPER_IRQHandler
                0x08000d80                DMA1_Channel4_IRQHandler
                0x08000d80                USART3_IRQHandler
                0x08000d80                CAN1_RX1_IRQHandler
                0x08000d80                TIM4_IRQHandler
                0x08000d80                I2C1_EV_IRQHandler
                0x08000d80                TIM3_IRQHandler
                0x08000d80                RCC_IRQHandler
                0x08000d80                TIM1_TRG_COM_IRQHandler
                0x08000d80                DMA1_Channel1_IRQHandler
                0x08000d80                Default_Handler
                0x08000d80                EXTI15_10_IRQHandler
                0x08000d80                EXTI9_5_IRQHandler
                0x08000d80                SPI2_IRQHandler
                0x08000d80                MemManage_Handler
                0x08000d80                SVC_Handler
                0x08000d80                DMA1_Channel5_IRQHandler
                0x08000d80                EXTI4_IRQHandler
                0x08000d80                USB_LP_CAN1_RX0_IRQHandler
                0x08000d80                USB_HP_CAN1_TX_IRQHandler
                0x08000d80                DMA1_Channel3_IRQHandler
                0x08000d80                TIM1_UP_IRQHandler
                0x08000d80                WWDG_IRQHandler
                0x08000d80                TIM2_IRQHandler
                0x08000d80                TIM1_BRK_IRQHandler
                0x08000d80                EXTI1_IRQHandler
                0x08000d80                I2C2_ER_IRQHandler
                0x08000d80                DMA1_Channel2_IRQHandler
                0x08000d80                CAN1_SCE_IRQHandler
                0x08000d80                FLASH_IRQHandler
                0x08000d80                BusFault_Handler
                0x08000d80                USART1_IRQHandler
                0x08000d80                I2C1_ER_IRQHandler
                0x08000d80                USBWakeUp_IRQHandler
 *fill*         0x08000d82        0x2 
 .text.__libc_init_array
                0x08000d84       0x48 d:/gnu_tools/gnu arm embedded toolchain/10 2021.10/bin/../lib/gcc/arm-none-eabi/10.3.1/../../../../arm-none-eabi/lib/thumb/v7-m/nofp\libc_nano.a(lib_a-init.o)
                0x08000d84                __libc_init_array
 .text._vsprintf_r
                0x08000dcc       0x2c d:/gnu_tools/gnu arm embedded toolchain/10 2021.10/bin/../lib/gcc/arm-none-eabi/10.3.1/../../../../arm-none-eabi/lib/thumb/v7-m/nofp\libc_nano.a(lib_a-vsprintf.o)
                0x08000dcc                _vsprintf_r
                0x08000dcc                _vsiprintf_r
 .text.vsprintf
                0x08000df8       0x14 d:/gnu_tools/gnu arm embedded toolchain/10 2021.10/bin/../lib/gcc/arm-none-eabi/10.3.1/../../../../arm-none-eabi/lib/thumb/v7-m/nofp\libc_nano.a(lib_a-vsprintf.o)
                0x08000df8                vsiprintf
                0x08000df8                vsprintf
 .text.__ssputs_r
                0x08000e0c       0xb6 d:/gnu_tools/gnu arm embedded toolchain/10 2021.10/bin/../lib/gcc/arm-none-eabi/10.3.1/../../../../arm-none-eabi/lib/thumb/v7-m/nofp\libc_nano.a(lib_a-nano-svfprintf.o)
                0x08000e0c                __ssputs_r
 *fill*         0x08000ec2        0x2 
 .text._svfprintf_r
                0x08000ec4      0x200 d:/gnu_tools/gnu arm embedded toolchain/10 2021.10/bin/../lib/gcc/arm-none-eabi/10.3.1/../../../../arm-none-eabi/lib/thumb/v7-m/nofp\libc_nano.a(lib_a-nano-svfprintf.o)
                0x08000ec4                _svfiprintf_r
                0x08000ec4                _svfprintf_r
 .text._printf_common
                0x080010c4       0xde d:/gnu_tools/gnu arm embedded toolchain/10 2021.10/bin/../lib/gcc/arm-none-eabi/10.3.1/../../../../arm-none-eabi/lib/thumb/v7-m/nofp\libc_nano.a(lib_a-nano-vfprintf_i.o)
                0x080010c4                _printf_common
 *fill*         0x080011a2        0x2 
 .text._printf_i
                0x080011a4      0x24c d:/gnu_tools/gnu arm embedded toolchain/10 2021.10/bin/../lib/gcc/arm-none-eabi/10.3.1/../../../../arm-none-eabi/lib/thumb/v7-m/nofp\libc_nano.a(lib_a-nano-vfprintf_i.o)
                0x080011a4                _printf_i
 .text.memchr   0x080013f0       0x1c d:/gnu_tools/gnu arm embedded toolchain/10 2021.10/bin/../lib/gcc/arm-none-eabi/10.3.1/../../../../arm-none-eabi/lib/thumb/v7-m/nofp\libc_nano.a(lib_a-memchr-stub.o)
                0x080013f0                memchr
 .text.memcpy   0x0800140c       0x1c d:/gnu_tools/gnu arm embedded toolchain/10 2021.10/bin/../lib/gcc/arm-none-eabi/10.3.1/../../../../arm-none-eabi/lib/thumb/v7-m/nofp\libc_nano.a(lib_a-memcpy-stub.o)
                0x0800140c                memcpy
 .text.memmove  0x08001428       0x34 d:/gnu_tools/gnu arm embedded toolchain/10 2021.10/bin/../lib/gcc/arm-none-eabi/10.3.1/../../../../arm-none-eabi/lib/thumb/v7-m/nofp\libc_nano.a(lib_a-memmove.o)
                0x08001428                memmove
 .text._free_r  0x0800145c       0x90 d:/gnu_tools/gnu arm embedded toolchain/10 2021.10/bin/../lib/gcc/arm-none-eabi/10.3.1/../../../../arm-none-eabi/lib/thumb/v7-m/nofp\libc_nano.a(lib_a-nano-freer.o)
                0x0800145c                _free_r
 .text.sbrk_aligned
                0x080014ec       0x40 d:/gnu_tools/gnu arm embedded toolchain/10 2021.10/bin/../lib/gcc/arm-none-eabi/10.3.1/../../../../arm-none-eabi/lib/thumb/v7-m/nofp\libc_nano.a(lib_a-nano-mallocr.o)
 .text._malloc_r
                0x0800152c       0xe8 d:/gnu_tools/gnu arm embedded toolchain/10 2021.10/bin/../lib/gcc/arm-none-eabi/10.3.1/../../../../arm-none-eabi/lib/thumb/v7-m/nofp\libc_nano.a(lib_a-nano-mallocr.o)
                0x0800152c                _malloc_r
 .text._realloc_r
                0x08001614       0x5e d:/gnu_tools/gnu arm embedded toolchain/10 2021.10/bin/../lib/gcc/arm-none-eabi/10.3.1/../../../../arm-none-eabi/lib/thumb/v7-m/nofp\libc_nano.a(lib_a-nano-reallocr.o)
                0x08001614                _realloc_r
 *fill*         0x08001672        0x2 
 .text._sbrk_r  0x08001674       0x20 d:/gnu_tools/gnu arm embedded toolchain/10 2021.10/bin/../lib/gcc/arm-none-eabi/10.3.1/../../../../arm-none-eabi/lib/thumb/v7-m/nofp\libc_nano.a(lib_a-sbrkr.o)
                0x08001674                _sbrk_r
 .text.__malloc_lock
                0x08001694        0xc d:/gnu_tools/gnu arm embedded toolchain/10 2021.10/bin/../lib/gcc/arm-none-eabi/10.3.1/../../../../arm-none-eabi/lib/thumb/v7-m/nofp\libc_nano.a(lib_a-mlock.o)
                0x08001694                __malloc_lock
 .text.__malloc_unlock
                0x080016a0        0xc d:/gnu_tools/gnu arm embedded toolchain/10 2021.10/bin/../lib/gcc/arm-none-eabi/10.3.1/../../../../arm-none-eabi/lib/thumb/v7-m/nofp\libc_nano.a(lib_a-mlock.o)
                0x080016a0                __malloc_unlock
 .text._malloc_usable_size_r
                0x080016ac       0x10 d:/gnu_tools/gnu arm embedded toolchain/10 2021.10/bin/../lib/gcc/arm-none-eabi/10.3.1/../../../../arm-none-eabi/lib/thumb/v7-m/nofp\libc_nano.a(lib_a-nano-msizer.o)
                0x080016ac                _malloc_usable_size_r
 .text.__retarget_lock_acquire_recursive
                0x080016bc        0x2 d:/gnu_tools/gnu arm embedded toolchain/10 2021.10/bin/../lib/gcc/arm-none-eabi/10.3.1/../../../../arm-none-eabi/lib/thumb/v7-m/nofp\libc_nano.a(lib_a-lock.o)
                0x080016bc                __retarget_lock_acquire_recursive
 .text.__retarget_lock_release_recursive
                0x080016be        0x2 d:/gnu_tools/gnu arm embedded toolchain/10 2021.10/bin/../lib/gcc/arm-none-eabi/10.3.1/../../../../arm-none-eabi/lib/thumb/v7-m/nofp\libc_nano.a(lib_a-lock.o)
                0x080016be                __retarget_lock_release_recursive
 .text._sbrk    0x080016c0       0x1c d:/gnu_tools/gnu arm embedded toolchain/10 2021.10/bin/../lib/gcc/arm-none-eabi/10.3.1/../../../../arm-none-eabi/lib/thumb/v7-m/nofp\libnosys.a(sbrk.o)
                0x080016c0                _sbrk
 *(.glue_7)
 .glue_7        0x080016dc        0x0 linker stubs
 *(.glue_7t)
 .glue_7t       0x080016dc        0x0 linker stubs
 *(.eh_frame)
 .eh_frame      0x080016dc        0x0 d:/gnu_tools/gnu arm embedded toolchain/10 2021.10/bin/../lib/gcc/arm-none-eabi/10.3.1/thumb/v7-m/nofp/crtbegin.o
 *(.init)
 .init          0x080016dc        0x4 d:/gnu_tools/gnu arm embedded toolchain/10 2021.10/bin/../lib/gcc/arm-none-eabi/10.3.1/thumb/v7-m/nofp/crti.o
                0x080016dc                _init
 .init          0x080016e0        0x8 d:/gnu_tools/gnu arm embedded toolchain/10 2021.10/bin/../lib/gcc/arm-none-eabi/10.3.1/thumb/v7-m/nofp/crtn.o
 *(.fini)
 .fini          0x080016e8        0x4 d:/gnu_tools/gnu arm embedded toolchain/10 2021.10/bin/../lib/gcc/arm-none-eabi/10.3.1/thumb/v7-m/nofp/crti.o
                0x080016e8                _fini
 .fini          0x080016ec        0x8 d:/gnu_tools/gnu arm embedded toolchain/10 2021.10/bin/../lib/gcc/arm-none-eabi/10.3.1/thumb/v7-m/nofp/crtn.o
                0x080016f4                . = ALIGN (0x4)
                0x080016f4                _etext = .

.vfp11_veneer   0x080016f4        0x0
 .vfp11_veneer  0x080016f4        0x0 linker stubs

.v4_bx          0x080016f4        0x0
 .v4_bx         0x080016f4        0x0 linker stubs

.iplt           0x080016f4        0x0
 .iplt          0x080016f4        0x0 d:/gnu_tools/gnu arm embedded toolchain/10 2021.10/bin/../lib/gcc/arm-none-eabi/10.3.1/thumb/v7-m/nofp/crtbegin.o

.rodata         0x080016f4      0x258
                0x080016f4                . = ALIGN (0x4)
 *(.rodata)
 *(.rodata*)
 .rodata.main.str1.4
                0x080016f4       0x13 build/main.o
 *fill*         0x08001707        0x1 
 .rodata.TaskContex1.str1.4
                0x08001708       0xa3 build/Contex1.o
 *fill*         0x080017ab        0x1 
 .rodata.__FUNCTION__.0
                0x080017ac        0xc build/Contex1.o
 .rodata.TaskContex2.str1.4
                0x080017b8       0xc2 build/Contex2.o
 *fill*         0x0800187a        0x2 
 .rodata.__FUNCTION__.0
                0x0800187c        0xc build/Contex2.o
 .rodata.TaskContex3.str1.4
                0x08001888       0x6a build/Contex3.o
                                 0xa9 (size before relaxing)
 *fill*         0x080018f2        0x2 
 .rodata.__FUNCTION__.0
                0x080018f4        0xc build/Contex3.o
 .rodata.CHANNEL_OFFSET_TAB
                0x08001900        0x7 build/USART_UART_DMA.o
 *fill*         0x08001907        0x1 
 .rodata.DltLogDroppedInfo
                0x08001908        0xf build/DLTuc.o
 .rodata._svfprintf_r.str1.1
                0x08001917       0x11 d:/gnu_tools/gnu arm embedded toolchain/10 2021.10/bin/../lib/gcc/arm-none-eabi/10.3.1/../../../../arm-none-eabi/lib/thumb/v7-m/nofp\libc_nano.a(lib_a-nano-svfprintf.o)
 .rodata._printf_i.str1.1
                0x08001928       0x22 d:/gnu_tools/gnu arm embedded toolchain/10 2021.10/bin/../lib/gcc/arm-none-eabi/10.3.1/../../../../arm-none-eabi/lib/thumb/v7-m/nofp\libc_nano.a(lib_a-nano-vfprintf_i.o)
                0x0800194c                . = ALIGN (0x4)
 *fill*         0x0800194a        0x2 

.rel.dyn        0x0800194c        0x0
 .rel.iplt      0x0800194c        0x0 d:/gnu_tools/gnu arm embedded toolchain/10 2021.10/bin/../lib/gcc/arm-none-eabi/10.3.1/thumb/v7-m/nofp/crtbegin.o

.ARM.extab
 *(.ARM.extab* .gnu.linkonce.armextab.*)

.ARM            0x0800194c        0x0
                0x0800194c                __exidx_start = .
 *(.ARM.exidx*)
                0x0800194c                __exidx_end = .

.preinit_array  0x0800194c        0x0
                0x0800194c                PROVIDE (__preinit_array_start = .)
 *(.preinit_array*)
                0x0800194c                PROVIDE (__preinit_array_end = .)

.init_array     0x0800194c        0x4
                0x0800194c                PROVIDE (__init_array_start = .)
 *(SORT_BY_NAME(.init_array.*))
 *(.init_array*)
 .init_array    0x0800194c        0x4 d:/gnu_tools/gnu arm embedded toolchain/10 2021.10/bin/../lib/gcc/arm-none-eabi/10.3.1/thumb/v7-m/nofp/crtbegin.o
                0x08001950                PROVIDE (__init_array_end = .)

.fini_array     0x08001950        0x4
                [!provide]                PROVIDE (__fini_array_start = .)
 *(SORT_BY_NAME(.fini_array.*))
 *(.fini_array*)
 .fini_array    0x08001950        0x4 d:/gnu_tools/gnu arm embedded toolchain/10 2021.10/bin/../lib/gcc/arm-none-eabi/10.3.1/thumb/v7-m/nofp/crtbegin.o
                [!provide]                PROVIDE (__fini_array_end = .)
                0x08001954                _sidata = LOADADDR (.data)

.data           0x20000000       0x68 load address 0x08001954
                0x20000000                . = ALIGN (0x4)
                0x20000000                _sdata = .
 *(.data)
 *(.data*)
 .data.TransmitReadyStateFlag
                0x20000000        0x1 build/DLTuc.o
 *fill*         0x20000001        0x3 
 .data._impure_ptr
                0x20000004        0x4 d:/gnu_tools/gnu arm embedded toolchain/10 2021.10/bin/../lib/gcc/arm-none-eabi/10.3.1/../../../../arm-none-eabi/lib/thumb/v7-m/nofp\libc_nano.a(lib_a-impure.o)
                0x20000004                _impure_ptr
 .data.impure_data
                0x20000008       0x60 d:/gnu_tools/gnu arm embedded toolchain/10 2021.10/bin/../lib/gcc/arm-none-eabi/10.3.1/../../../../arm-none-eabi/lib/thumb/v7-m/nofp\libc_nano.a(lib_a-impure.o)
                0x20000068                . = ALIGN (0x4)
                0x20000068                _edata = .

.igot.plt       0x20000068        0x0 load address 0x080019bc
 .igot.plt      0x20000068        0x0 d:/gnu_tools/gnu arm embedded toolchain/10 2021.10/bin/../lib/gcc/arm-none-eabi/10.3.1/thumb/v7-m/nofp/crtbegin.o
                0x20000068                . = ALIGN (0x4)

.bss            0x20000068     0x402c load address 0x080019bc
                0x20000068                _sbss = .
                0x20000068                __bss_start__ = _sbss
 *(.bss)
 .bss           0x20000068       0x1c d:/gnu_tools/gnu arm embedded toolchain/10 2021.10/bin/../lib/gcc/arm-none-eabi/10.3.1/thumb/v7-m/nofp/crtbegin.o
 *(.bss*)
 .bss.Uart2HandlerPointer
                0x20000084        0x4 build/main.o
                0x20000084                Uart2HandlerPointer
 .bss.TUART2    0x20000088       0x30 build/USART_UART_DMA.o
                0x20000088                TUART2
 .bss.UART2HandlerPointer
                0x200000b8        0x4 build/USART_UART_DMA.o
                0x200000b8                UART2HandlerPointer
 .bss.RTC_AlarmFlag
                0x200000bc        0x1 build/RTC.o
                0x200000bc                RTC_AlarmFlag
 .bss.ActDltMessageCounter
                0x200000bd        0x1 build/DLTuc.o
 .bss.DLtLogDroppedSize
                0x200000be        0x1 build/DLTuc.o
 *fill*         0x200000bf        0x1 
 .bss.DltDebugTmpBuf
                0x200000c0       0xff build/DLTuc.o
 *fill*         0x200001bf        0x1 
 .bss.DltLogDroppedInfoBuffer
                0x200001c0       0x3c build/DLTuc.o
 .bss.DltMessagesTab
                0x200001fc      0xef1 build/DLTuc.o
 *fill*         0x200010ed        0x3 
 .bss.DltRingBuffer
                0x200010f0       0x14 build/DLTuc.o
 .bss.ExtSerialTrDataFunctionCb
                0x20001104        0x4 build/DLTuc.o
 .bss.GetSystemTimeMs
                0x20001108        0x4 build/DLTuc.o
 .bss.LogDroppedFlag
                0x2000110c        0x1 build/DLTuc.o
 *fill*         0x2000110d        0x3 
 .bss.PrevLogDropSendTime
                0x20001110        0x4 build/DLTuc.o
 .bss.AddedTasksCounter
                0x20001114        0x1 build/nnKernel.o
                0x20001114                AddedTasksCounter
 *fill*         0x20001115        0x3 
 .bss.MILLIS_PRESCALER
                0x20001118        0x4 build/nnKernel.o
                0x20001118                MILLIS_PRESCALER
 .bss.TCB_STACK
                0x2000111c     0x2ee0 build/nnKernel.o
                0x2000111c                TCB_STACK
 .bss.currentPt
                0x20003ffc        0x4 build/nnKernel.o
                0x20003ffc                currentPt
 .bss.tcbs      0x20004000       0x78 build/nnKernel.o
                0x20004000                tcbs
 .bss.IncrementSystemTimeFunPtr
                0x20004078        0x4 build/port.o
                0x20004078                IncrementSystemTimeFunPtr
 .bss.nnOs_SystemTime
                0x2000407c        0x4 build/port.o
                0x2000407c                nnOs_SystemTime
 .bss.__malloc_free_list
                0x20004080        0x4 d:/gnu_tools/gnu arm embedded toolchain/10 2021.10/bin/../lib/gcc/arm-none-eabi/10.3.1/../../../../arm-none-eabi/lib/thumb/v7-m/nofp\libc_nano.a(lib_a-nano-mallocr.o)
                0x20004080                __malloc_free_list
 .bss.__malloc_sbrk_start
                0x20004084        0x4 d:/gnu_tools/gnu arm embedded toolchain/10 2021.10/bin/../lib/gcc/arm-none-eabi/10.3.1/../../../../arm-none-eabi/lib/thumb/v7-m/nofp\libc_nano.a(lib_a-nano-mallocr.o)
                0x20004084                __malloc_sbrk_start
 .bss.errno     0x20004088        0x4 d:/gnu_tools/gnu arm embedded toolchain/10 2021.10/bin/../lib/gcc/arm-none-eabi/10.3.1/../../../../arm-none-eabi/lib/thumb/v7-m/nofp\libc_nano.a(lib_a-reent.o)
                0x20004088                errno
 .bss.__lock___malloc_recursive_mutex
                0x2000408c        0x1 d:/gnu_tools/gnu arm embedded toolchain/10 2021.10/bin/../lib/gcc/arm-none-eabi/10.3.1/../../../../arm-none-eabi/lib/thumb/v7-m/nofp\libc_nano.a(lib_a-lock.o)
                0x2000408c                __lock___malloc_recursive_mutex
 *fill*         0x2000408d        0x3 
 .bss.heap_end.0
                0x20004090        0x4 d:/gnu_tools/gnu arm embedded toolchain/10 2021.10/bin/../lib/gcc/arm-none-eabi/10.3.1/../../../../arm-none-eabi/lib/thumb/v7-m/nofp\libnosys.a(sbrk.o)
 *(COMMON)
                0x20004094                . = ALIGN (0x4)
                0x20004094                _ebss = .
                0x20004094                __bss_end__ = _ebss

._user_heap_stack
                0x20004094      0x604 load address 0x080019bc
                0x20004098                . = ALIGN (0x8)
 *fill*         0x20004094        0x4 
                0x20004098                PROVIDE (end = .)
                [!provide]                PROVIDE (_end = .)
                0x20004298                . = (. + _Min_Heap_Size)
 *fill*         0x20004098      0x200 
                0x20004698                . = (. + _Min_Stack_Size)
 *fill*         0x20004298      0x400 
                0x20004698                . = ALIGN (0x8)

/DISCARD/
 libc.a(*)
 libm.a(*)
 libgcc.a(*)

.ARM.attributes
                0x00000000       0x2f
 *(.ARM.attributes)
 .ARM.attributes
                0x00000000       0x1d d:/gnu_tools/gnu arm embedded toolchain/10 2021.10/bin/../lib/gcc/arm-none-eabi/10.3.1/thumb/v7-m/nofp/crti.o
 .ARM.attributes
                0x0000001d       0x2d d:/gnu_tools/gnu arm embedded toolchain/10 2021.10/bin/../lib/gcc/arm-none-eabi/10.3.1/thumb/v7-m/nofp/crtbegin.o
 .ARM.attributes
                0x0000004a       0x2d build/main.o
 .ARM.attributes
                0x00000077       0x2d build/Contex1.o
 .ARM.attributes
                0x000000a4       0x2d build/Contex2.o
 .ARM.attributes
                0x000000d1       0x2d build/Contex3.o
 .ARM.attributes
                0x000000fe       0x2d build/GPIO_fun.o
 .ARM.attributes
                0x0000012b       0x2d build/USART_UART_DMA.o
 .ARM.attributes
                0x00000158       0x2d build/RCC_Config.o
 .ARM.attributes
                0x00000185       0x2d build/RTC.o
 .ARM.attributes
                0x000001b2       0x2d build/DLTuc.o
 .ARM.attributes
                0x000001df       0x2d build/nnKernel.o
 .ARM.attributes
                0x0000020c       0x2d build/port.o
 .ARM.attributes
                0x00000239       0x21 build/startup_stm32f103xb.o
 .ARM.attributes
                0x0000025a       0x21 build/portAsm.o
 .ARM.attributes
                0x0000027b       0x2d d:/gnu_tools/gnu arm embedded toolchain/10 2021.10/bin/../lib/gcc/arm-none-eabi/10.3.1/../../../../arm-none-eabi/lib/thumb/v7-m/nofp\libc_nano.a(lib_a-impure.o)
 .ARM.attributes
                0x000002a8       0x2d d:/gnu_tools/gnu arm embedded toolchain/10 2021.10/bin/../lib/gcc/arm-none-eabi/10.3.1/../../../../arm-none-eabi/lib/thumb/v7-m/nofp\libc_nano.a(lib_a-init.o)
 .ARM.attributes
                0x000002d5       0x2d d:/gnu_tools/gnu arm embedded toolchain/10 2021.10/bin/../lib/gcc/arm-none-eabi/10.3.1/../../../../arm-none-eabi/lib/thumb/v7-m/nofp\libc_nano.a(lib_a-vsprintf.o)
 .ARM.attributes
                0x00000302       0x2d d:/gnu_tools/gnu arm embedded toolchain/10 2021.10/bin/../lib/gcc/arm-none-eabi/10.3.1/../../../../arm-none-eabi/lib/thumb/v7-m/nofp\libc_nano.a(lib_a-nano-svfprintf.o)
 .ARM.attributes
                0x0000032f       0x2d d:/gnu_tools/gnu arm embedded toolchain/10 2021.10/bin/../lib/gcc/arm-none-eabi/10.3.1/../../../../arm-none-eabi/lib/thumb/v7-m/nofp\libc_nano.a(lib_a-nano-vfprintf_i.o)
 .ARM.attributes
                0x0000035c       0x2d d:/gnu_tools/gnu arm embedded toolchain/10 2021.10/bin/../lib/gcc/arm-none-eabi/10.3.1/../../../../arm-none-eabi/lib/thumb/v7-m/nofp\libc_nano.a(lib_a-memchr-stub.o)
 .ARM.attributes
                0x00000389       0x2d d:/gnu_tools/gnu arm embedded toolchain/10 2021.10/bin/../lib/gcc/arm-none-eabi/10.3.1/../../../../arm-none-eabi/lib/thumb/v7-m/nofp\libc_nano.a(lib_a-memcpy-stub.o)
 .ARM.attributes
                0x000003b6       0x2d d:/gnu_tools/gnu arm embedded toolchain/10 2021.10/bin/../lib/gcc/arm-none-eabi/10.3.1/../../../../arm-none-eabi/lib/thumb/v7-m/nofp\libc_nano.a(lib_a-memmove.o)
 .ARM.attributes
                0x000003e3       0x2d d:/gnu_tools/gnu arm embedded toolchain/10 2021.10/bin/../lib/gcc/arm-none-eabi/10.3.1/../../../../arm-none-eabi/lib/thumb/v7-m/nofp\libc_nano.a(lib_a-nano-freer.o)
 .ARM.attributes
                0x00000410       0x2d d:/gnu_tools/gnu arm embedded toolchain/10 2021.10/bin/../lib/gcc/arm-none-eabi/10.3.1/../../../../arm-none-eabi/lib/thumb/v7-m/nofp\libc_nano.a(lib_a-nano-mallocr.o)
 .ARM.attributes
                0x0000043d       0x2d d:/gnu_tools/gnu arm embedded toolchain/10 2021.10/bin/../lib/gcc/arm-none-eabi/10.3.1/../../../../arm-none-eabi/lib/thumb/v7-m/nofp\libc_nano.a(lib_a-nano-reallocr.o)
 .ARM.attributes
                0x0000046a       0x2d d:/gnu_tools/gnu arm embedded toolchain/10 2021.10/bin/../lib/gcc/arm-none-eabi/10.3.1/../../../../arm-none-eabi/lib/thumb/v7-m/nofp\libc_nano.a(lib_a-sbrkr.o)
 .ARM.attributes
                0x00000497       0x2d d:/gnu_tools/gnu arm embedded toolchain/10 2021.10/bin/../lib/gcc/arm-none-eabi/10.3.1/../../../../arm-none-eabi/lib/thumb/v7-m/nofp\libc_nano.a(lib_a-mlock.o)
 .ARM.attributes
                0x000004c4       0x2d d:/gnu_tools/gnu arm embedded toolchain/10 2021.10/bin/../lib/gcc/arm-none-eabi/10.3.1/../../../../arm-none-eabi/lib/thumb/v7-m/nofp\libc_nano.a(lib_a-nano-msizer.o)
 .ARM.attributes
                0x000004f1       0x2d d:/gnu_tools/gnu arm embedded toolchain/10 2021.10/bin/../lib/gcc/arm-none-eabi/10.3.1/../../../../arm-none-eabi/lib/thumb/v7-m/nofp\libc_nano.a(lib_a-reent.o)
 .ARM.attributes
                0x0000051e       0x2d d:/gnu_tools/gnu arm embedded toolchain/10 2021.10/bin/../lib/gcc/arm-none-eabi/10.3.1/../../../../arm-none-eabi/lib/thumb/v7-m/nofp\libc_nano.a(lib_a-lock.o)
 .ARM.attributes
                0x0000054b       0x2d d:/gnu_tools/gnu arm embedded toolchain/10 2021.10/bin/../lib/gcc/arm-none-eabi/10.3.1/../../../../arm-none-eabi/lib/thumb/v7-m/nofp\libnosys.a(sbrk.o)
 .ARM.attributes
                0x00000578       0x1d d:/gnu_tools/gnu arm embedded toolchain/10 2021.10/bin/../lib/gcc/arm-none-eabi/10.3.1/thumb/v7-m/nofp/crtn.o
OUTPUT(build/STM32F1_DLTuc_Simple.elf elf32-littlearm)
LOAD linker stubs
LOAD d:/gnu_tools/gnu arm embedded toolchain/10 2021.10/bin/../lib/gcc/arm-none-eabi/10.3.1/../../../../arm-none-eabi/lib/thumb/v7-m/nofp\libc.a
LOAD d:/gnu_tools/gnu arm embedded toolchain/10 2021.10/bin/../lib/gcc/arm-none-eabi/10.3.1/../../../../arm-none-eabi/lib/thumb/v7-m/nofp\libm.a
LOAD d:/gnu_tools/gnu arm embedded toolchain/10 2021.10/bin/../lib/gcc/arm-none-eabi/10.3.1/thumb/v7-m/nofp\libgcc.a

.debug_info     0x00000000     0x3817
 .debug_info    0x00000000      0x708 build/main.o
 .debug_info    0x00000708      0x216 build/Contex1.o
 .debug_info    0x0000091e      0x271 build/Contex2.o
 .debug_info    0x00000b8f      0x216 build/Contex3.o
 .debug_info    0x00000da5      0x4ad build/GPIO_fun.o
 .debug_info    0x00001252      0xe7d build/USART_UART_DMA.o
 .debug_info    0x000020cf      0x1ff build/RCC_Config.o
 .debug_info    0x000022ce      0x638 build/RTC.o
 .debug_info    0x00002906      0x814 build/DLTuc.o
 .debug_info    0x0000311a      0x4e3 build/nnKernel.o
 .debug_info    0x000035fd      0x1d2 build/port.o
 .debug_info    0x000037cf       0x22 build/startup_stm32f103xb.o
 .debug_info    0x000037f1       0x26 build/portAsm.o

.debug_abbrev   0x00000000     0x11a7
 .debug_abbrev  0x00000000      0x1b5 build/main.o
 .debug_abbrev  0x000001b5       0xd1 build/Contex1.o
 .debug_abbrev  0x00000286       0xd1 build/Contex2.o
 .debug_abbrev  0x00000357       0xd1 build/Contex3.o
 .debug_abbrev  0x00000428      0x17e build/GPIO_fun.o
 .debug_abbrev  0x000005a6      0x2f7 build/USART_UART_DMA.o
 .debug_abbrev  0x0000089d       0x9c build/RCC_Config.o
 .debug_abbrev  0x00000939      0x19b build/RTC.o
 .debug_abbrev  0x00000ad4      0x2f3 build/DLTuc.o
 .debug_abbrev  0x00000dc7      0x23c build/nnKernel.o
 .debug_abbrev  0x00001003      0x17e build/port.o
 .debug_abbrev  0x00001181       0x12 build/startup_stm32f103xb.o
 .debug_abbrev  0x00001193       0x14 build/portAsm.o

.debug_loc      0x00000000      0xedf
 .debug_loc     0x00000000       0xb7 build/main.o
 .debug_loc     0x000000b7       0x2c build/Contex1.o
 .debug_loc     0x000000e3       0x2c build/Contex2.o
 .debug_loc     0x0000010f       0x2c build/Contex3.o
 .debug_loc     0x0000013b      0x103 build/GPIO_fun.o
 .debug_loc     0x0000023e      0x2f8 build/USART_UART_DMA.o
 .debug_loc     0x00000536       0x94 build/RTC.o
 .debug_loc     0x000005ca      0x58e build/DLTuc.o
 .debug_loc     0x00000b58      0x2fd build/nnKernel.o
 .debug_loc     0x00000e55       0x8a build/port.o

.debug_aranges  0x00000000      0x2c0
 .debug_aranges
                0x00000000       0x30 build/main.o
 .debug_aranges
                0x00000030       0x20 build/Contex1.o
 .debug_aranges
                0x00000050       0x20 build/Contex2.o
 .debug_aranges
                0x00000070       0x20 build/Contex3.o
 .debug_aranges
                0x00000090       0x38 build/GPIO_fun.o
 .debug_aranges
                0x000000c8       0x70 build/USART_UART_DMA.o
 .debug_aranges
                0x00000138       0x20 build/RCC_Config.o
 .debug_aranges
                0x00000158       0x30 build/RTC.o
 .debug_aranges
                0x00000188       0x50 build/DLTuc.o
 .debug_aranges
                0x000001d8       0x68 build/nnKernel.o
 .debug_aranges
                0x00000240       0x38 build/port.o
 .debug_aranges
                0x00000278       0x28 build/startup_stm32f103xb.o
 .debug_aranges
                0x000002a0       0x20 build/portAsm.o

.debug_ranges   0x00000000      0x218
 .debug_ranges  0x00000000       0x20 build/main.o
 .debug_ranges  0x00000020       0x10 build/Contex1.o
 .debug_ranges  0x00000030       0x10 build/Contex2.o
 .debug_ranges  0x00000040       0x10 build/Contex3.o
 .debug_ranges  0x00000050       0x28 build/GPIO_fun.o
 .debug_ranges  0x00000078       0x60 build/USART_UART_DMA.o
 .debug_ranges  0x000000d8       0x10 build/RCC_Config.o
 .debug_ranges  0x000000e8       0x20 build/RTC.o
 .debug_ranges  0x00000108       0x58 build/DLTuc.o
 .debug_ranges  0x00000160       0x70 build/nnKernel.o
 .debug_ranges  0x000001d0       0x28 build/port.o
 .debug_ranges  0x000001f8       0x20 build/startup_stm32f103xb.o

.debug_line     0x00000000     0x22b3
 .debug_line    0x00000000      0x295 build/main.o
 .debug_line    0x00000295      0x160 build/Contex1.o
 .debug_line    0x000003f5      0x19a build/Contex2.o
 .debug_line    0x0000058f      0x157 build/Contex3.o
 .debug_line    0x000006e6      0x260 build/GPIO_fun.o
 .debug_line    0x00000946      0x5e7 build/USART_UART_DMA.o
 .debug_line    0x00000f2d      0x201 build/RCC_Config.o
 .debug_line    0x0000112e      0x392 build/RTC.o
 .debug_line    0x000014c0      0x739 build/DLTuc.o
 .debug_line    0x00001bf9      0x3fe build/nnKernel.o
 .debug_line    0x00001ff7      0x1df build/port.o
 .debug_line    0x000021d6       0x73 build/startup_stm32f103xb.o
 .debug_line    0x00002249       0x6a build/portAsm.o

.debug_str      0x00000000     0x1277
 .debug_str     0x00000000      0x63f build/main.o
                                0x6a1 (size before relaxing)
 .debug_str     0x0000063f       0x33 build/Contex1.o
                                0x1f8 (size before relaxing)
 .debug_str     0x00000672       0x16 build/Contex2.o
                                0x1f8 (size before relaxing)
 .debug_str     0x00000688       0x16 build/Contex3.o
                                0x1f8 (size before relaxing)
 .debug_str     0x0000069e       0x90 build/GPIO_fun.o
                                0x46f (size before relaxing)
 .debug_str     0x0000072e      0x595 build/USART_UART_DMA.o
                                0xaa3 (size before relaxing)
 .debug_str     0x00000cc3       0x40 build/RCC_Config.o
                                0x1ec (size before relaxing)
 .debug_str     0x00000d03       0xd5 build/RTC.o
                                0x5c2 (size before relaxing)
 .debug_str     0x00000dd8      0x23f build/DLTuc.o
                                0x4c5 (size before relaxing)
 .debug_str     0x00001017      0x190 build/nnKernel.o
                                0x397 (size before relaxing)
 .debug_str     0x000011a7       0x91 build/port.o
                                0x244 (size before relaxing)
 .debug_str     0x00001238       0x24 build/startup_stm32f103xb.o
                                 0x55 (size before relaxing)
 .debug_str     0x0000125c       0x1b build/portAsm.o
                                 0x5a (size before relaxing)

.comment        0x00000000       0x49
 .comment       0x00000000       0x49 build/main.o
                                 0x4a (size before relaxing)
 .comment       0x00000049       0x4a build/Contex1.o
 .comment       0x00000049       0x4a build/Contex2.o
 .comment       0x00000049       0x4a build/Contex3.o
 .comment       0x00000049       0x4a build/GPIO_fun.o
 .comment       0x00000049       0x4a build/USART_UART_DMA.o
 .comment       0x00000049       0x4a build/RCC_Config.o
 .comment       0x00000049       0x4a build/RTC.o
 .comment       0x00000049       0x4a build/DLTuc.o
 .comment       0x00000049       0x4a build/nnKernel.o
 .comment       0x00000049       0x4a build/port.o

.debug_frame    0x00000000      0x8f4
 .debug_frame   0x00000000       0x58 build/main.o
 .debug_frame   0x00000058       0x2c build/Contex1.o
 .debug_frame   0x00000084       0x28 build/Contex2.o
 .debug_frame   0x000000ac       0x2c build/Contex3.o
 .debug_frame   0x000000d8       0x5c build/GPIO_fun.o
 .debug_frame   0x00000134       0xfc build/USART_UART_DMA.o
 .debug_frame   0x00000230       0x20 build/RCC_Config.o
 .debug_frame   0x00000250       0x40 build/RTC.o
 .debug_frame   0x00000290       0xd8 build/DLTuc.o
 .debug_frame   0x00000368       0xf4 build/nnKernel.o
 .debug_frame   0x0000045c       0x60 build/port.o
 .debug_frame   0x000004bc       0x2c d:/gnu_tools/gnu arm embedded toolchain/10 2021.10/bin/../lib/gcc/arm-none-eabi/10.3.1/../../../../arm-none-eabi/lib/thumb/v7-m/nofp\libc_nano.a(lib_a-init.o)
 .debug_frame   0x000004e8       0x3c d:/gnu_tools/gnu arm embedded toolchain/10 2021.10/bin/../lib/gcc/arm-none-eabi/10.3.1/../../../../arm-none-eabi/lib/thumb/v7-m/nofp\libc_nano.a(lib_a-vsprintf.o)
 .debug_frame   0x00000524       0x90 d:/gnu_tools/gnu arm embedded toolchain/10 2021.10/bin/../lib/gcc/arm-none-eabi/10.3.1/../../../../arm-none-eabi/lib/thumb/v7-m/nofp\libc_nano.a(lib_a-nano-svfprintf.o)
 .debug_frame   0x000005b4       0x60 d:/gnu_tools/gnu arm embedded toolchain/10 2021.10/bin/../lib/gcc/arm-none-eabi/10.3.1/../../../../arm-none-eabi/lib/thumb/v7-m/nofp\libc_nano.a(lib_a-nano-vfprintf_i.o)
 .debug_frame   0x00000614       0x28 d:/gnu_tools/gnu arm embedded toolchain/10 2021.10/bin/../lib/gcc/arm-none-eabi/10.3.1/../../../../arm-none-eabi/lib/thumb/v7-m/nofp\libc_nano.a(lib_a-memchr-stub.o)
 .debug_frame   0x0000063c       0x28 d:/gnu_tools/gnu arm embedded toolchain/10 2021.10/bin/../lib/gcc/arm-none-eabi/10.3.1/../../../../arm-none-eabi/lib/thumb/v7-m/nofp\libc_nano.a(lib_a-memcpy-stub.o)
 .debug_frame   0x00000664       0x28 d:/gnu_tools/gnu arm embedded toolchain/10 2021.10/bin/../lib/gcc/arm-none-eabi/10.3.1/../../../../arm-none-eabi/lib/thumb/v7-m/nofp\libc_nano.a(lib_a-memmove.o)
 .debug_frame   0x0000068c       0x38 d:/gnu_tools/gnu arm embedded toolchain/10 2021.10/bin/../lib/gcc/arm-none-eabi/10.3.1/../../../../arm-none-eabi/lib/thumb/v7-m/nofp\libc_nano.a(lib_a-nano-freer.o)
 .debug_frame   0x000006c4       0x4c d:/gnu_tools/gnu arm embedded toolchain/10 2021.10/bin/../lib/gcc/arm-none-eabi/10.3.1/../../../../arm-none-eabi/lib/thumb/v7-m/nofp\libc_nano.a(lib_a-nano-mallocr.o)
 .debug_frame   0x00000710       0x3c d:/gnu_tools/gnu arm embedded toolchain/10 2021.10/bin/../lib/gcc/arm-none-eabi/10.3.1/../../../../arm-none-eabi/lib/thumb/v7-m/nofp\libc_nano.a(lib_a-nano-reallocr.o)
 .debug_frame   0x0000074c       0x2c d:/gnu_tools/gnu arm embedded toolchain/10 2021.10/bin/../lib/gcc/arm-none-eabi/10.3.1/../../../../arm-none-eabi/lib/thumb/v7-m/nofp\libc_nano.a(lib_a-sbrkr.o)
 .debug_frame   0x00000778       0x30 d:/gnu_tools/gnu arm embedded toolchain/10 2021.10/bin/../lib/gcc/arm-none-eabi/10.3.1/../../../../arm-none-eabi/lib/thumb/v7-m/nofp\libc_nano.a(lib_a-mlock.o)
 .debug_frame   0x000007a8       0x20 d:/gnu_tools/gnu arm embedded toolchain/10 2021.10/bin/../lib/gcc/arm-none-eabi/10.3.1/../../../../arm-none-eabi/lib/thumb/v7-m/nofp\libc_nano.a(lib_a-nano-msizer.o)
 .debug_frame   0x000007c8       0x5c d:/gnu_tools/gnu arm embedded toolchain/10 2021.10/bin/../lib/gcc/arm-none-eabi/10.3.1/../../../../arm-none-eabi/lib/thumb/v7-m/nofp\libc_nano.a(lib_a-reent.o)
 .debug_frame   0x00000824       0xb0 d:/gnu_tools/gnu arm embedded toolchain/10 2021.10/bin/../lib/gcc/arm-none-eabi/10.3.1/../../../../arm-none-eabi/lib/thumb/v7-m/nofp\libc_nano.a(lib_a-lock.o)
 .debug_frame   0x000008d4       0x20 d:/gnu_tools/gnu arm embedded toolchain/10 2021.10/bin/../lib/gcc/arm-none-eabi/10.3.1/../../../../arm-none-eabi/lib/thumb/v7-m/nofp\libnosys.a(sbrk.o)

Cross Reference Table

Symbol                                            File
ADC1_2_IRQHandler                                 build/startup_stm32f103xb.o
AddedTasksCounter                                 build/nnKernel.o
BusFault_Handler                                  build/startup_stm32f103xb.o
CAN1_RX1_IRQHandler                               build/startup_stm32f103xb.o
CAN1_SCE_IRQHandler                               build/startup_stm32f103xb.o
ConfigRTC                                         build/RTC.o
DLTuc_LogOutVarArgs                               build/DLTuc.o
                                                  build/Contex3.o
                                                  build/Contex2.o
                                                  build/Contex1.o
                                                  build/main.o
DLTuc_MessageTransmitDone                         build/DLTuc.o
                                                  build/main.o
DLTuc_RegisterGetTimeStampMsCallback              build/DLTuc.o
                                                  build/main.o
DLTuc_RegisterTransmitSerialDataCallback          build/DLTuc.o
                                                  build/main.o
DMA1_Channel1_IRQHandler                          build/startup_stm32f103xb.o
DMA1_Channel2_IRQHandler                          build/startup_stm32f103xb.o
DMA1_Channel3_IRQHandler                          build/startup_stm32f103xb.o
DMA1_Channel4_IRQHandler                          build/startup_stm32f103xb.o
DMA1_Channel5_IRQHandler                          build/startup_stm32f103xb.o
DMA1_Channel6_IRQHandler                          build/USART_UART_DMA.o
DMA1_Channel7_IRQHandler                          build/USART_UART_DMA.o
DebugMon_Handler                                  build/startup_stm32f103xb.o
Default_Handler                                   build/startup_stm32f103xb.o
EXTI0_IRQHandler                                  build/startup_stm32f103xb.o
EXTI15_10_IRQHandler                              build/startup_stm32f103xb.o
EXTI1_IRQHandler                                  build/startup_stm32f103xb.o
EXTI2_IRQHandler                                  build/startup_stm32f103xb.o
EXTI3_IRQHandler                                  build/startup_stm32f103xb.o
EXTI4_IRQHandler                                  build/startup_stm32f103xb.o
EXTI9_5_IRQHandler                                build/startup_stm32f103xb.o
FLASH_IRQHandler                                  build/startup_stm32f103xb.o
GPIO_PinReset                                     build/GPIO_fun.o
GPIO_PinSet                                       build/GPIO_fun.o
                                                  build/main.o
GPIO_Pin_Cfg                                      build/GPIO_fun.o
                                                  build/USART_UART_DMA.o
                                                  build/main.o
GetI                                              build/queues.o
HardFault_Handler                                 build/startup_stm32f103xb.o
I2C1_ER_IRQHandler                                build/startup_stm32f103xb.o
I2C1_EV_IRQHandler                                build/startup_stm32f103xb.o
I2C2_ER_IRQHandler                                build/startup_stm32f103xb.o
I2C2_EV_IRQHandler                                build/startup_stm32f103xb.o
IncrementSystemTimeFunPtr                         build/port.o
MILLIS_PRESCALER                                  build/nnKernel.o
MemManage_Handler                                 build/startup_stm32f103xb.o
NMI_Handler                                       build/startup_stm32f103xb.o
OS_Fifo                                           build/queues.o
PLL_Config64MHZ                                   build/RCC_Config.o
                                                  build/main.o
PVD_IRQHandler                                    build/startup_stm32f103xb.o
PendSV_Handler                                    build/portAsm.o
                                                  build/startup_stm32f103xb.o
PutI                                              build/queues.o
RCC_IRQHandler                                    build/startup_stm32f103xb.o
RTC_AlarmFlag                                     build/RTC.o
RTC_Alarm_IRQHandler                              build/RTC.o
RTC_IRQHandler                                    build/RTC.o
Reset_Handler                                     build/startup_stm32f103xb.o
SPI1_IRQHandler                                   build/startup_stm32f103xb.o
SPI2_IRQHandler                                   build/startup_stm32f103xb.o
SVC_Handler                                       build/startup_stm32f103xb.o
SysTickCHandler                                   build/port.o
                                                  build/portAsm.o
SysTick_Handler                                   build/portAsm.o
                                                  build/startup_stm32f103xb.o
TAMPER_IRQHandler                                 build/startup_stm32f103xb.o
TCB_STACK                                         build/nnKernel.o
TIM1_BRK_IRQHandler                               build/startup_stm32f103xb.o
TIM1_CC_IRQHandler                                build/startup_stm32f103xb.o
TIM1_TRG_COM_IRQHandler                           build/startup_stm32f103xb.o
TIM1_UP_IRQHandler                                build/startup_stm32f103xb.o
TIM2_IRQHandler                                   build/startup_stm32f103xb.o
TIM3_IRQHandler                                   build/startup_stm32f103xb.o
TIM4_IRQHandler                                   build/startup_stm32f103xb.o
TUART2                                            build/USART_UART_DMA.o
TUART_DMA_Receive                                 build/USART_UART_DMA.o
TUART_DMA_Trasmit                                 build/USART_UART_DMA.o
                                                  build/main.o
TaskContex1                                       build/Contex1.o
                                                  build/main.o
TaskContex2                                       build/Contex2.o
                                                  build/main.o
TaskContex3                                       build/Contex3.o
                                                  build/main.o
UART2HandlerPointer                               build/USART_UART_DMA.o
UART2_Init115200                                  build/USART_UART_DMA.o
                                                  build/main.o
UART2_LowLevelDataTransmit                        build/main.o
UART2_TransmitDMAEndCallBack                      build/main.o
USART1_IRQHandler                                 build/startup_stm32f103xb.o
USART2_IRQHandler                                 build/USART_UART_DMA.o
USART3_IRQHandler                                 build/startup_stm32f103xb.o
USART_Init                                        build/USART_UART_DMA.o
USARTx_DMA_Config                                 build/USART_UART_DMA.o
USBWakeUp_IRQHandler                              build/startup_stm32f103xb.o
USB_HP_CAN1_TX_IRQHandler                         build/startup_stm32f103xb.o
USB_LP_CAN1_RX0_IRQHandler                        build/startup_stm32f103xb.o
Uart2HandlerPointer                               build/main.o
UsageFault_Handler                                build/startup_stm32f103xb.o
WWDG_IRQHandler                                   build/startup_stm32f103xb.o
__bss_end__                                       d:/gnu_tools/gnu arm embedded toolchain/10 2021.10/bin/../lib/gcc/arm-none-eabi/10.3.1/../../../../arm-none-eabi/lib/thumb/v7-m/nofp/crt0.o
__bss_start__                                     d:/gnu_tools/gnu arm embedded toolchain/10 2021.10/bin/../lib/gcc/arm-none-eabi/10.3.1/../../../../arm-none-eabi/lib/thumb/v7-m/nofp/crt0.o
__call_exitprocs                                  d:/gnu_tools/gnu arm embedded toolchain/10 2021.10/bin/../lib/gcc/arm-none-eabi/10.3.1/../../../../arm-none-eabi/lib/thumb/v7-m/nofp\libc_nano.a(lib_a-exit.o)
__deregister_frame_info                           d:/gnu_tools/gnu arm embedded toolchain/10 2021.10/bin/../lib/gcc/arm-none-eabi/10.3.1/thumb/v7-m/nofp/crtbegin.o
__dso_handle                                      d:/gnu_tools/gnu arm embedded toolchain/10 2021.10/bin/../lib/gcc/arm-none-eabi/10.3.1/thumb/v7-m/nofp/crtbegin.o
__init_array_end                                  d:/gnu_tools/gnu arm embedded toolchain/10 2021.10/bin/../lib/gcc/arm-none-eabi/10.3.1/../../../../arm-none-eabi/lib/thumb/v7-m/nofp\libc_nano.a(lib_a-init.o)
__init_array_start                                d:/gnu_tools/gnu arm embedded toolchain/10 2021.10/bin/../lib/gcc/arm-none-eabi/10.3.1/../../../../arm-none-eabi/lib/thumb/v7-m/nofp\libc_nano.a(lib_a-init.o)
__libc_fini_array                                 d:/gnu_tools/gnu arm embedded toolchain/10 2021.10/bin/../lib/gcc/arm-none-eabi/10.3.1/../../../../arm-none-eabi/lib/thumb/v7-m/nofp/crt0.o
__libc_init_array                                 d:/gnu_tools/gnu arm embedded toolchain/10 2021.10/bin/../lib/gcc/arm-none-eabi/10.3.1/../../../../arm-none-eabi/lib/thumb/v7-m/nofp\libc_nano.a(lib_a-init.o)
                                                  build/startup_stm32f103xb.o
                                                  d:/gnu_tools/gnu arm embedded toolchain/10 2021.10/bin/../lib/gcc/arm-none-eabi/10.3.1/../../../../arm-none-eabi/lib/thumb/v7-m/nofp/crt0.o
__lock___arc4random_mutex                         d:/gnu_tools/gnu arm embedded toolchain/10 2021.10/bin/../lib/gcc/arm-none-eabi/10.3.1/../../../../arm-none-eabi/lib/thumb/v7-m/nofp\libc_nano.a(lib_a-lock.o)
__lock___at_quick_exit_mutex                      d:/gnu_tools/gnu arm embedded toolchain/10 2021.10/bin/../lib/gcc/arm-none-eabi/10.3.1/../../../../arm-none-eabi/lib/thumb/v7-m/nofp\libc_nano.a(lib_a-lock.o)
__lock___atexit_recursive_mutex                   d:/gnu_tools/gnu arm embedded toolchain/10 2021.10/bin/../lib/gcc/arm-none-eabi/10.3.1/../../../../arm-none-eabi/lib/thumb/v7-m/nofp\libc_nano.a(lib_a-lock.o)
__lock___dd_hash_mutex                            d:/gnu_tools/gnu arm embedded toolchain/10 2021.10/bin/../lib/gcc/arm-none-eabi/10.3.1/../../../../arm-none-eabi/lib/thumb/v7-m/nofp\libc_nano.a(lib_a-lock.o)
__lock___env_recursive_mutex                      d:/gnu_tools/gnu arm embedded toolchain/10 2021.10/bin/../lib/gcc/arm-none-eabi/10.3.1/../../../../arm-none-eabi/lib/thumb/v7-m/nofp\libc_nano.a(lib_a-lock.o)
__lock___malloc_recursive_mutex                   d:/gnu_tools/gnu arm embedded toolchain/10 2021.10/bin/../lib/gcc/arm-none-eabi/10.3.1/../../../../arm-none-eabi/lib/thumb/v7-m/nofp\libc_nano.a(lib_a-lock.o)
                                                  d:/gnu_tools/gnu arm embedded toolchain/10 2021.10/bin/../lib/gcc/arm-none-eabi/10.3.1/../../../../arm-none-eabi/lib/thumb/v7-m/nofp\libc_nano.a(lib_a-mlock.o)
__lock___sfp_recursive_mutex                      d:/gnu_tools/gnu arm embedded toolchain/10 2021.10/bin/../lib/gcc/arm-none-eabi/10.3.1/../../../../arm-none-eabi/lib/thumb/v7-m/nofp\libc_nano.a(lib_a-lock.o)
__lock___sinit_recursive_mutex                    d:/gnu_tools/gnu arm embedded toolchain/10 2021.10/bin/../lib/gcc/arm-none-eabi/10.3.1/../../../../arm-none-eabi/lib/thumb/v7-m/nofp\libc_nano.a(lib_a-lock.o)
__lock___tz_mutex                                 d:/gnu_tools/gnu arm embedded toolchain/10 2021.10/bin/../lib/gcc/arm-none-eabi/10.3.1/../../../../arm-none-eabi/lib/thumb/v7-m/nofp\libc_nano.a(lib_a-lock.o)
__malloc_free_list                                d:/gnu_tools/gnu arm embedded toolchain/10 2021.10/bin/../lib/gcc/arm-none-eabi/10.3.1/../../../../arm-none-eabi/lib/thumb/v7-m/nofp\libc_nano.a(lib_a-nano-mallocr.o)
                                                  d:/gnu_tools/gnu arm embedded toolchain/10 2021.10/bin/../lib/gcc/arm-none-eabi/10.3.1/../../../../arm-none-eabi/lib/thumb/v7-m/nofp\libc_nano.a(lib_a-nano-freer.o)
__malloc_lock                                     d:/gnu_tools/gnu arm embedded toolchain/10 2021.10/bin/../lib/gcc/arm-none-eabi/10.3.1/../../../../arm-none-eabi/lib/thumb/v7-m/nofp\libc_nano.a(lib_a-mlock.o)
                                                  d:/gnu_tools/gnu arm embedded toolchain/10 2021.10/bin/../lib/gcc/arm-none-eabi/10.3.1/../../../../arm-none-eabi/lib/thumb/v7-m/nofp\libc_nano.a(lib_a-nano-mallocr.o)
                                                  d:/gnu_tools/gnu arm embedded toolchain/10 2021.10/bin/../lib/gcc/arm-none-eabi/10.3.1/../../../../arm-none-eabi/lib/thumb/v7-m/nofp\libc_nano.a(lib_a-nano-freer.o)
__malloc_sbrk_start                               d:/gnu_tools/gnu arm embedded toolchain/10 2021.10/bin/../lib/gcc/arm-none-eabi/10.3.1/../../../../arm-none-eabi/lib/thumb/v7-m/nofp\libc_nano.a(lib_a-nano-mallocr.o)
__malloc_unlock                                   d:/gnu_tools/gnu arm embedded toolchain/10 2021.10/bin/../lib/gcc/arm-none-eabi/10.3.1/../../../../arm-none-eabi/lib/thumb/v7-m/nofp\libc_nano.a(lib_a-mlock.o)
                                                  d:/gnu_tools/gnu arm embedded toolchain/10 2021.10/bin/../lib/gcc/arm-none-eabi/10.3.1/../../../../arm-none-eabi/lib/thumb/v7-m/nofp\libc_nano.a(lib_a-nano-mallocr.o)
                                                  d:/gnu_tools/gnu arm embedded toolchain/10 2021.10/bin/../lib/gcc/arm-none-eabi/10.3.1/../../../../arm-none-eabi/lib/thumb/v7-m/nofp\libc_nano.a(lib_a-nano-freer.o)
__preinit_array_end                               d:/gnu_tools/gnu arm embedded toolchain/10 2021.10/bin/../lib/gcc/arm-none-eabi/10.3.1/../../../../arm-none-eabi/lib/thumb/v7-m/nofp\libc_nano.a(lib_a-init.o)
__preinit_array_start                             d:/gnu_tools/gnu arm embedded toolchain/10 2021.10/bin/../lib/gcc/arm-none-eabi/10.3.1/../../../../arm-none-eabi/lib/thumb/v7-m/nofp\libc_nano.a(lib_a-init.o)
__register_frame_info                             d:/gnu_tools/gnu arm embedded toolchain/10 2021.10/bin/../lib/gcc/arm-none-eabi/10.3.1/thumb/v7-m/nofp/crtbegin.o
__retarget_lock_acquire                           d:/gnu_tools/gnu arm embedded toolchain/10 2021.10/bin/../lib/gcc/arm-none-eabi/10.3.1/../../../../arm-none-eabi/lib/thumb/v7-m/nofp\libc_nano.a(lib_a-lock.o)
__retarget_lock_acquire_recursive                 d:/gnu_tools/gnu arm embedded toolchain/10 2021.10/bin/../lib/gcc/arm-none-eabi/10.3.1/../../../../arm-none-eabi/lib/thumb/v7-m/nofp\libc_nano.a(lib_a-lock.o)
                                                  d:/gnu_tools/gnu arm embedded toolchain/10 2021.10/bin/../lib/gcc/arm-none-eabi/10.3.1/../../../../arm-none-eabi/lib/thumb/v7-m/nofp\libc_nano.a(lib_a-mlock.o)
__retarget_lock_close                             d:/gnu_tools/gnu arm embedded toolchain/10 2021.10/bin/../lib/gcc/arm-none-eabi/10.3.1/../../../../arm-none-eabi/lib/thumb/v7-m/nofp\libc_nano.a(lib_a-lock.o)
__retarget_lock_close_recursive                   d:/gnu_tools/gnu arm embedded toolchain/10 2021.10/bin/../lib/gcc/arm-none-eabi/10.3.1/../../../../arm-none-eabi/lib/thumb/v7-m/nofp\libc_nano.a(lib_a-lock.o)
__retarget_lock_init                              d:/gnu_tools/gnu arm embedded toolchain/10 2021.10/bin/../lib/gcc/arm-none-eabi/10.3.1/../../../../arm-none-eabi/lib/thumb/v7-m/nofp\libc_nano.a(lib_a-lock.o)
__retarget_lock_init_recursive                    d:/gnu_tools/gnu arm embedded toolchain/10 2021.10/bin/../lib/gcc/arm-none-eabi/10.3.1/../../../../arm-none-eabi/lib/thumb/v7-m/nofp\libc_nano.a(lib_a-lock.o)
__retarget_lock_release                           d:/gnu_tools/gnu arm embedded toolchain/10 2021.10/bin/../lib/gcc/arm-none-eabi/10.3.1/../../../../arm-none-eabi/lib/thumb/v7-m/nofp\libc_nano.a(lib_a-lock.o)
__retarget_lock_release_recursive                 d:/gnu_tools/gnu arm embedded toolchain/10 2021.10/bin/../lib/gcc/arm-none-eabi/10.3.1/../../../../arm-none-eabi/lib/thumb/v7-m/nofp\libc_nano.a(lib_a-lock.o)
                                                  d:/gnu_tools/gnu arm embedded toolchain/10 2021.10/bin/../lib/gcc/arm-none-eabi/10.3.1/../../../../arm-none-eabi/lib/thumb/v7-m/nofp\libc_nano.a(lib_a-mlock.o)
__retarget_lock_try_acquire                       d:/gnu_tools/gnu arm embedded toolchain/10 2021.10/bin/../lib/gcc/arm-none-eabi/10.3.1/../../../../arm-none-eabi/lib/thumb/v7-m/nofp\libc_nano.a(lib_a-lock.o)
__retarget_lock_try_acquire_recursive             d:/gnu_tools/gnu arm embedded toolchain/10 2021.10/bin/../lib/gcc/arm-none-eabi/10.3.1/../../../../arm-none-eabi/lib/thumb/v7-m/nofp\libc_nano.a(lib_a-lock.o)
__sf_fake_stderr                                  d:/gnu_tools/gnu arm embedded toolchain/10 2021.10/bin/../lib/gcc/arm-none-eabi/10.3.1/../../../../arm-none-eabi/lib/thumb/v7-m/nofp\libc_nano.a(lib_a-impure.o)
__sf_fake_stdin                                   d:/gnu_tools/gnu arm embedded toolchain/10 2021.10/bin/../lib/gcc/arm-none-eabi/10.3.1/../../../../arm-none-eabi/lib/thumb/v7-m/nofp\libc_nano.a(lib_a-impure.o)
__sf_fake_stdout                                  d:/gnu_tools/gnu arm embedded toolchain/10 2021.10/bin/../lib/gcc/arm-none-eabi/10.3.1/../../../../arm-none-eabi/lib/thumb/v7-m/nofp\libc_nano.a(lib_a-impure.o)
__ssprint_r                                       d:/gnu_tools/gnu arm embedded toolchain/10 2021.10/bin/../lib/gcc/arm-none-eabi/10.3.1/../../../../arm-none-eabi/lib/thumb/v7-m/nofp\libc_nano.a(lib_a-nano-svfprintf.o)
__ssputs_r                                        d:/gnu_tools/gnu arm embedded toolchain/10 2021.10/bin/../lib/gcc/arm-none-eabi/10.3.1/../../../../arm-none-eabi/lib/thumb/v7-m/nofp\libc_nano.a(lib_a-nano-svfprintf.o)
__stack                                           d:/gnu_tools/gnu arm embedded toolchain/10 2021.10/bin/../lib/gcc/arm-none-eabi/10.3.1/../../../../arm-none-eabi/lib/thumb/v7-m/nofp/crt0.o
_ebss                                             build/startup_stm32f103xb.o
_edata                                            build/startup_stm32f103xb.o
_estack                                           build/startup_stm32f103xb.o
_exit                                             d:/gnu_tools/gnu arm embedded toolchain/10 2021.10/bin/../lib/gcc/arm-none-eabi/10.3.1/../../../../arm-none-eabi/lib/thumb/v7-m/nofp\libnosys.a(_exit.o)
                                                  d:/gnu_tools/gnu arm embedded toolchain/10 2021.10/bin/../lib/gcc/arm-none-eabi/10.3.1/../../../../arm-none-eabi/lib/thumb/v7-m/nofp\libc_nano.a(lib_a-exit.o)
_fini                                             d:/gnu_tools/gnu arm embedded toolchain/10 2021.10/bin/../lib/gcc/arm-none-eabi/10.3.1/thumb/v7-m/nofp/crti.o
_free_r                                           d:/gnu_tools/gnu arm embedded toolchain/10 2021.10/bin/../lib/gcc/arm-none-eabi/10.3.1/../../../../arm-none-eabi/lib/thumb/v7-m/nofp\libc_nano.a(lib_a-nano-freer.o)
                                                  d:/gnu_tools/gnu arm embedded toolchain/10 2021.10/bin/../lib/gcc/arm-none-eabi/10.3.1/../../../../arm-none-eabi/lib/thumb/v7-m/nofp\libc_nano.a(lib_a-reent.o)
                                                  d:/gnu_tools/gnu arm embedded toolchain/10 2021.10/bin/../lib/gcc/arm-none-eabi/10.3.1/../../../../arm-none-eabi/lib/thumb/v7-m/nofp\libc_nano.a(lib_a-nano-reallocr.o)
                                                  d:/gnu_tools/gnu arm embedded toolchain/10 2021.10/bin/../lib/gcc/arm-none-eabi/10.3.1/../../../../arm-none-eabi/lib/thumb/v7-m/nofp\libc_nano.a(lib_a-nano-svfprintf.o)
_global_impure_ptr                                d:/gnu_tools/gnu arm embedded toolchain/10 2021.10/bin/../lib/gcc/arm-none-eabi/10.3.1/../../../../arm-none-eabi/lib/thumb/v7-m/nofp\libc_nano.a(lib_a-impure.o)
                                                  d:/gnu_tools/gnu arm embedded toolchain/10 2021.10/bin/../lib/gcc/arm-none-eabi/10.3.1/../../../../arm-none-eabi/lib/thumb/v7-m/nofp\libc_nano.a(lib_a-exit.o)
_impure_ptr                                       d:/gnu_tools/gnu arm embedded toolchain/10 2021.10/bin/../lib/gcc/arm-none-eabi/10.3.1/../../../../arm-none-eabi/lib/thumb/v7-m/nofp\libc_nano.a(lib_a-impure.o)
                                                  d:/gnu_tools/gnu arm embedded toolchain/10 2021.10/bin/../lib/gcc/arm-none-eabi/10.3.1/../../../../arm-none-eabi/lib/thumb/v7-m/nofp\libc_nano.a(lib_a-reent.o)
                                                  d:/gnu_tools/gnu arm embedded toolchain/10 2021.10/bin/../lib/gcc/arm-none-eabi/10.3.1/../../../../arm-none-eabi/lib/thumb/v7-m/nofp\libc_nano.a(lib_a-vsprintf.o)
_init                                             d:/gnu_tools/gnu arm embedded toolchain/10 2021.10/bin/../lib/gcc/arm-none-eabi/10.3.1/thumb/v7-m/nofp/crti.o
                                                  d:/gnu_tools/gnu arm embedded toolchain/10 2021.10/bin/../lib/gcc/arm-none-eabi/10.3.1/../../../../arm-none-eabi/lib/thumb/v7-m/nofp\libc_nano.a(lib_a-init.o)
_mainCRTStartup                                   d:/gnu_tools/gnu arm embedded toolchain/10 2021.10/bin/../lib/gcc/arm-none-eabi/10.3.1/../../../../arm-none-eabi/lib/thumb/v7-m/nofp/crt0.o
_malloc_r                                         d:/gnu_tools/gnu arm embedded toolchain/10 2021.10/bin/../lib/gcc/arm-none-eabi/10.3.1/../../../../arm-none-eabi/lib/thumb/v7-m/nofp\libc_nano.a(lib_a-nano-mallocr.o)
                                                  d:/gnu_tools/gnu arm embedded toolchain/10 2021.10/bin/../lib/gcc/arm-none-eabi/10.3.1/../../../../arm-none-eabi/lib/thumb/v7-m/nofp\libc_nano.a(lib_a-nano-reallocr.o)
                                                  d:/gnu_tools/gnu arm embedded toolchain/10 2021.10/bin/../lib/gcc/arm-none-eabi/10.3.1/../../../../arm-none-eabi/lib/thumb/v7-m/nofp\libc_nano.a(lib_a-nano-svfprintf.o)
_malloc_usable_size_r                             d:/gnu_tools/gnu arm embedded toolchain/10 2021.10/bin/../lib/gcc/arm-none-eabi/10.3.1/../../../../arm-none-eabi/lib/thumb/v7-m/nofp\libc_nano.a(lib_a-nano-msizer.o)
                                                  d:/gnu_tools/gnu arm embedded toolchain/10 2021.10/bin/../lib/gcc/arm-none-eabi/10.3.1/../../../../arm-none-eabi/lib/thumb/v7-m/nofp\libc_nano.a(lib_a-nano-reallocr.o)
_printf_common                                    d:/gnu_tools/gnu arm embedded toolchain/10 2021.10/bin/../lib/gcc/arm-none-eabi/10.3.1/../../../../arm-none-eabi/lib/thumb/v7-m/nofp\libc_nano.a(lib_a-nano-vfprintf_i.o)
_printf_float                                     d:/gnu_tools/gnu arm embedded toolchain/10 2021.10/bin/../lib/gcc/arm-none-eabi/10.3.1/../../../../arm-none-eabi/lib/thumb/v7-m/nofp\libc_nano.a(lib_a-nano-svfprintf.o)
_printf_i                                         d:/gnu_tools/gnu arm embedded toolchain/10 2021.10/bin/../lib/gcc/arm-none-eabi/10.3.1/../../../../arm-none-eabi/lib/thumb/v7-m/nofp\libc_nano.a(lib_a-nano-vfprintf_i.o)
                                                  d:/gnu_tools/gnu arm embedded toolchain/10 2021.10/bin/../lib/gcc/arm-none-eabi/10.3.1/../../../../arm-none-eabi/lib/thumb/v7-m/nofp\libc_nano.a(lib_a-nano-svfprintf.o)
_realloc_r                                        d:/gnu_tools/gnu arm embedded toolchain/10 2021.10/bin/../lib/gcc/arm-none-eabi/10.3.1/../../../../arm-none-eabi/lib/thumb/v7-m/nofp\libc_nano.a(lib_a-nano-reallocr.o)
                                                  d:/gnu_tools/gnu arm embedded toolchain/10 2021.10/bin/../lib/gcc/arm-none-eabi/10.3.1/../../../../arm-none-eabi/lib/thumb/v7-m/nofp\libc_nano.a(lib_a-nano-svfprintf.o)
_reclaim_reent                                    d:/gnu_tools/gnu arm embedded toolchain/10 2021.10/bin/../lib/gcc/arm-none-eabi/10.3.1/../../../../arm-none-eabi/lib/thumb/v7-m/nofp\libc_nano.a(lib_a-reent.o)
_sbrk                                             d:/gnu_tools/gnu arm embedded toolchain/10 2021.10/bin/../lib/gcc/arm-none-eabi/10.3.1/../../../../arm-none-eabi/lib/thumb/v7-m/nofp\libnosys.a(sbrk.o)
                                                  d:/gnu_tools/gnu arm embedded toolchain/10 2021.10/bin/../lib/gcc/arm-none-eabi/10.3.1/../../../../arm-none-eabi/lib/thumb/v7-m/nofp\libc_nano.a(lib_a-sbrkr.o)
_sbrk_r                                           d:/gnu_tools/gnu arm embedded toolchain/10 2021.10/bin/../lib/gcc/arm-none-eabi/10.3.1/../../../../arm-none-eabi/lib/thumb/v7-m/nofp\libc_nano.a(lib_a-sbrkr.o)
                                                  d:/gnu_tools/gnu arm embedded toolchain/10 2021.10/bin/../lib/gcc/arm-none-eabi/10.3.1/../../../../arm-none-eabi/lib/thumb/v7-m/nofp\libc_nano.a(lib_a-nano-mallocr.o)
_sbss                                             build/startup_stm32f103xb.o
_sdata                                            build/startup_stm32f103xb.o
_sidata                                           build/startup_stm32f103xb.o
_stack_init                                       d:/gnu_tools/gnu arm embedded toolchain/10 2021.10/bin/../lib/gcc/arm-none-eabi/10.3.1/../../../../arm-none-eabi/lib/thumb/v7-m/nofp/crt0.o
_start                                            d:/gnu_tools/gnu arm embedded toolchain/10 2021.10/bin/../lib/gcc/arm-none-eabi/10.3.1/../../../../arm-none-eabi/lib/thumb/v7-m/nofp/crt0.o
_svfiprintf_r                                     d:/gnu_tools/gnu arm embedded toolchain/10 2021.10/bin/../lib/gcc/arm-none-eabi/10.3.1/../../../../arm-none-eabi/lib/thumb/v7-m/nofp\libc_nano.a(lib_a-nano-svfprintf.o)
_svfprintf_r                                      d:/gnu_tools/gnu arm embedded toolchain/10 2021.10/bin/../lib/gcc/arm-none-eabi/10.3.1/../../../../arm-none-eabi/lib/thumb/v7-m/nofp\libc_nano.a(lib_a-nano-svfprintf.o)
                                                  d:/gnu_tools/gnu arm embedded toolchain/10 2021.10/bin/../lib/gcc/arm-none-eabi/10.3.1/../../../../arm-none-eabi/lib/thumb/v7-m/nofp\libc_nano.a(lib_a-vsprintf.o)
_vsiprintf_r                                      d:/gnu_tools/gnu arm embedded toolchain/10 2021.10/bin/../lib/gcc/arm-none-eabi/10.3.1/../../../../arm-none-eabi/lib/thumb/v7-m/nofp\libc_nano.a(lib_a-vsprintf.o)
_vsprintf_r                                       d:/gnu_tools/gnu arm embedded toolchain/10 2021.10/bin/../lib/gcc/arm-none-eabi/10.3.1/../../../../arm-none-eabi/lib/thumb/v7-m/nofp\libc_nano.a(lib_a-vsprintf.o)
atexit                                            d:/gnu_tools/gnu arm embedded toolchain/10 2021.10/bin/../lib/gcc/arm-none-eabi/10.3.1/../../../../arm-none-eabi/lib/thumb/v7-m/nofp/crt0.o
cleanup_glue                                      d:/gnu_tools/gnu arm embedded toolchain/10 2021.10/bin/../lib/gcc/arm-none-eabi/10.3.1/../../../../arm-none-eabi/lib/thumb/v7-m/nofp\libc_nano.a(lib_a-reent.o)
count6                                            build/main.o
count7                                            build/main.o
currentPt                                         build/nnKernel.o
                                                  build/portAsm.o
current_fifo_size                                 build/queues.o
end                                               d:/gnu_tools/gnu arm embedded toolchain/10 2021.10/bin/../lib/gcc/arm-none-eabi/10.3.1/../../../../arm-none-eabi/lib/thumb/v7-m/nofp\libnosys.a(sbrk.o)
errno                                             d:/gnu_tools/gnu arm embedded toolchain/10 2021.10/bin/../lib/gcc/arm-none-eabi/10.3.1/../../../../arm-none-eabi/lib/thumb/v7-m/nofp\libc_nano.a(lib_a-reent.o)
                                                  d:/gnu_tools/gnu arm embedded toolchain/10 2021.10/bin/../lib/gcc/arm-none-eabi/10.3.1/../../../../arm-none-eabi/lib/thumb/v7-m/nofp\libc_nano.a(lib_a-sbrkr.o)
exit                                              d:/gnu_tools/gnu arm embedded toolchain/10 2021.10/bin/../lib/gcc/arm-none-eabi/10.3.1/../../../../arm-none-eabi/lib/thumb/v7-m/nofp\libc_nano.a(lib_a-exit.o)
                                                  d:/gnu_tools/gnu arm embedded toolchain/10 2021.10/bin/../lib/gcc/arm-none-eabi/10.3.1/../../../../arm-none-eabi/lib/thumb/v7-m/nofp/crt0.o
g_pfnVectors                                      build/startup_stm32f103xb.o
hardware_init_hook                                d:/gnu_tools/gnu arm embedded toolchain/10 2021.10/bin/../lib/gcc/arm-none-eabi/10.3.1/../../../../arm-none-eabi/lib/thumb/v7-m/nofp/crt0.o
lost_data                                         build/queues.o
main                                              build/main.o
                                                  build/startup_stm32f103xb.o
                                                  d:/gnu_tools/gnu arm embedded toolchain/10 2021.10/bin/../lib/gcc/arm-none-eabi/10.3.1/../../../../arm-none-eabi/lib/thumb/v7-m/nofp/crt0.o
memchr                                            d:/gnu_tools/gnu arm embedded toolchain/10 2021.10/bin/../lib/gcc/arm-none-eabi/10.3.1/../../../../arm-none-eabi/lib/thumb/v7-m/nofp\libc_nano.a(lib_a-memchr-stub.o)
                                                  d:/gnu_tools/gnu arm embedded toolchain/10 2021.10/bin/../lib/gcc/arm-none-eabi/10.3.1/../../../../arm-none-eabi/lib/thumb/v7-m/nofp\libc_nano.a(lib_a-nano-vfprintf_i.o)
                                                  d:/gnu_tools/gnu arm embedded toolchain/10 2021.10/bin/../lib/gcc/arm-none-eabi/10.3.1/../../../../arm-none-eabi/lib/thumb/v7-m/nofp\libc_nano.a(lib_a-nano-svfprintf.o)
memcpy                                            d:/gnu_tools/gnu arm embedded toolchain/10 2021.10/bin/../lib/gcc/arm-none-eabi/10.3.1/../../../../arm-none-eabi/lib/thumb/v7-m/nofp\libc_nano.a(lib_a-memcpy-stub.o)
                                                  d:/gnu_tools/gnu arm embedded toolchain/10 2021.10/bin/../lib/gcc/arm-none-eabi/10.3.1/../../../../arm-none-eabi/lib/thumb/v7-m/nofp\libc_nano.a(lib_a-nano-reallocr.o)
                                                  d:/gnu_tools/gnu arm embedded toolchain/10 2021.10/bin/../lib/gcc/arm-none-eabi/10.3.1/../../../../arm-none-eabi/lib/thumb/v7-m/nofp\libc_nano.a(lib_a-nano-svfprintf.o)
memmove                                           d:/gnu_tools/gnu arm embedded toolchain/10 2021.10/bin/../lib/gcc/arm-none-eabi/10.3.1/../../../../arm-none-eabi/lib/thumb/v7-m/nofp\libc_nano.a(lib_a-memmove.o)
                                                  d:/gnu_tools/gnu arm embedded toolchain/10 2021.10/bin/../lib/gcc/arm-none-eabi/10.3.1/../../../../arm-none-eabi/lib/thumb/v7-m/nofp\libc_nano.a(lib_a-nano-svfprintf.o)
memset                                            d:/gnu_tools/gnu arm embedded toolchain/10 2021.10/bin/../lib/gcc/arm-none-eabi/10.3.1/../../../../arm-none-eabi/lib/thumb/v7-m/nofp\libc_nano.a(lib_a-memset.o)
                                                  d:/gnu_tools/gnu arm embedded toolchain/10 2021.10/bin/../lib/gcc/arm-none-eabi/10.3.1/../../../../arm-none-eabi/lib/thumb/v7-m/nofp/crt0.o
nnOsAddThread                                     build/nnKernel.o
                                                  build/main.o
nnOsFifoGet                                       build/queues.o
nnOsFifoInit                                      build/queues.o
nnOsFifoPut                                       build/queues.o
nnOsIdleTask                                      build/nnKernel.o
nnOsKernelInit                                    build/nnKernel.o
                                                  build/main.o
nnOsKernelLaunch                                  build/nnKernel.o
                                                  build/main.o
nnOsMailboxInit                                   build/queues.o
nnOsMailboxRecv                                   build/queues.o
nnOsMailboxSend                                   build/queues.o
nnOsPort_KernelLaunch                             build/port.o
                                                  build/nnKernel.o
nnOsPriorityScheduler                             build/nnKernel.o
                                                  build/portAsm.o
nnOsRegisterSysIncrementCb                        build/port.o
                                                  build/nnKernel.o
nnOsSchedulerLaunch                               build/portAsm.o
                                                  build/port.o
nnOsSemaphoreInit                                 build/semaphores.o
                                                  build/queues.o
nnOsSignalCooperativeWait                         build/semaphores.o
                                                  build/queues.o
nnOsSignalSet                                     build/semaphores.o
                                                  build/queues.o
nnOsSignalWait                                    build/semaphores.o
                                                  build/queues.o
nnOsSysTickInc                                    build/nnKernel.o
nnOsThreadSleep                                   build/nnKernel.o
                                                  build/Contex3.o
                                                  build/Contex2.o
                                                  build/Contex1.o
nnOsThreadYield                                   build/nnKernel.o
                                                  build/semaphores.o
nnOs_GetSystemTime                                build/nnKernel.o
                                                  build/main.o
nnOs_SystemTime                                   build/port.o
                                                  build/nnKernel.o
nnPort_ThreadYield                                build/port.o
                                                  build/nnKernel.o
rx_BUF                                            build/USART_UART_DMA.o
software_init_hook                                d:/gnu_tools/gnu arm embedded toolchain/10 2021.10/bin/../lib/gcc/arm-none-eabi/10.3.1/../../../../arm-none-eabi/lib/thumb/v7-m/nofp/crt0.o
tcbs                                              build/nnKernel.o
tooglePIN                                         build/GPIO_fun.o
vsiprintf                                         d:/gnu_tools/gnu arm embedded toolchain/10 2021.10/bin/../lib/gcc/arm-none-eabi/10.3.1/../../../../arm-none-eabi/lib/thumb/v7-m/nofp\libc_nano.a(lib_a-vsprintf.o)
vsprintf                                          d:/gnu_tools/gnu arm embedded toolchain/10 2021.10/bin/../lib/gcc/arm-none-eabi/10.3.1/../../../../arm-none-eabi/lib/thumb/v7-m/nofp\libc_nano.a(lib_a-vsprintf.o)
                                                  build/DLTuc.o
